// Jest Snapshot v1, https://goo.gl/fbAQLP

exports[`<Marker/> should match snapshot 1`] = `
Object {
  "asFragment": [Function],
  "baseElement": <body>
    <div>
      <div
        class="map"
      >
        <div
          data-testid="marker"
        >
          <div
            class="bigCircle"
            data-testid="bigCircle"
            style="position: relative; top: -6.1025px; left: -6.1025px; width: 12.205px; height: 12.205px;"
          >
            <div
              class="smallCircle"
              data-testid="smallCircle"
              style="width: 3.005px; height: 3.005px;"
            />
          </div>
        </div>
        <div
          data-testid="marker"
        >
          <div
            class="bigCircle"
            data-testid="bigCircle"
            style="position: relative; top: -30px; left: -30px; width: 60px; height: 60px;"
          >
            <div
              class="smallCircle"
              data-testid="smallCircle"
              style="width: 8px; height: 8px;"
            />
          </div>
        </div>
      </div>
    </div>
  </body>,
  "container": <div>
    <div
      class="map"
    >
      <div
        data-testid="marker"
      >
        <div
          class="bigCircle"
          data-testid="bigCircle"
          style="position: relative; top: -6.1025px; left: -6.1025px; width: 12.205px; height: 12.205px;"
        >
          <div
            class="smallCircle"
            data-testid="smallCircle"
            style="width: 3.005px; height: 3.005px;"
          />
        </div>
      </div>
      <div
        data-testid="marker"
      >
        <div
          class="bigCircle"
          data-testid="bigCircle"
          style="position: relative; top: -30px; left: -30px; width: 60px; height: 60px;"
        >
          <div
            class="smallCircle"
            data-testid="smallCircle"
            style="width: 8px; height: 8px;"
          />
        </div>
      </div>
    </div>
  </div>,
  "debug": [Function],
  "findAllByAltText": [Function],
  "findAllByDisplayValue": [Function],
  "findAllByLabelText": [Function],
  "findAllByPlaceholderText": [Function],
  "findAllByRole": [Function],
  "findAllByTestId": [Function],
  "findAllByText": [Function],
  "findAllByTitle": [Function],
  "findByAltText": [Function],
  "findByDisplayValue": [Function],
  "findByLabelText": [Function],
  "findByPlaceholderText": [Function],
  "findByRole": [Function],
  "findByTestId": [Function],
  "findByText": [Function],
  "findByTitle": [Function],
  "getAllByAltText": [Function],
  "getAllByDisplayValue": [Function],
  "getAllByLabelText": [Function],
  "getAllByPlaceholderText": [Function],
  "getAllByRole": [Function],
  "getAllByTestId": [Function],
  "getAllByText": [Function],
  "getAllByTitle": [Function],
  "getByAltText": [Function],
  "getByDisplayValue": [Function],
  "getByLabelText": [Function],
  "getByPlaceholderText": [Function],
  "getByRole": [Function],
  "getByTestId": [Function],
  "getByText": [Function],
  "getByTitle": [Function],
  "queryAllByAltText": [Function],
  "queryAllByDisplayValue": [Function],
  "queryAllByLabelText": [Function],
  "queryAllByPlaceholderText": [Function],
  "queryAllByRole": [Function],
  "queryAllByTestId": [Function],
  "queryAllByText": [Function],
  "queryAllByTitle": [Function],
  "queryByAltText": [Function],
  "queryByDisplayValue": [Function],
  "queryByLabelText": [Function],
  "queryByPlaceholderText": [Function],
  "queryByRole": [Function],
  "queryByTestId": [Function],
  "queryByText": [Function],
  "queryByTitle": [Function],
  "rerender": [Function],
  "unmount": [Function],
}
`;
