// Jest Snapshot v1, https://goo.gl/fbAQLP

exports[`<Marker/> should match snapshot 1`] = `
Object {
  "asFragment": [Function],
  "baseElement": <body>
    <div>
      <div
        data-testid="marker"
      >
        <div
          class="bigCircle"
          data-testid="bigCircle"
          style="position: relative;"
        >
          <div
            class="smallCircle"
            data-testid="smallCircle"
          />
        </div>
      </div>
    </div>
  </body>,
  "container": <div>
    <div
      data-testid="marker"
    >
      <div
        class="bigCircle"
        data-testid="bigCircle"
        style="position: relative;"
      >
        <div
          class="smallCircle"
          data-testid="smallCircle"
        />
      </div>
    </div>
  </div>,
  "debug": [Function],
  "findAllByAltText": [Function],
  "findAllByDisplayValue": [Function],
  "findAllByLabelText": [Function],
  "findAllByPlaceholderText": [Function],
  "findAllByRole": [Function],
  "findAllByTestId": [Function],
  "findAllByText": [Function],
  "findAllByTitle": [Function],
  "findByAltText": [Function],
  "findByDisplayValue": [Function],
  "findByLabelText": [Function],
  "findByPlaceholderText": [Function],
  "findByRole": [Function],
  "findByTestId": [Function],
  "findByText": [Function],
  "findByTitle": [Function],
  "getAllByAltText": [Function],
  "getAllByDisplayValue": [Function],
  "getAllByLabelText": [Function],
  "getAllByPlaceholderText": [Function],
  "getAllByRole": [Function],
  "getAllByTestId": [Function],
  "getAllByText": [Function],
  "getAllByTitle": [Function],
  "getByAltText": [Function],
  "getByDisplayValue": [Function],
  "getByLabelText": [Function],
  "getByPlaceholderText": [Function],
  "getByRole": [Function],
  "getByTestId": [Function],
  "getByText": [Function],
  "getByTitle": [Function],
  "queryAllByAltText": [Function],
  "queryAllByDisplayValue": [Function],
  "queryAllByLabelText": [Function],
  "queryAllByPlaceholderText": [Function],
  "queryAllByRole": [Function],
  "queryAllByTestId": [Function],
  "queryAllByText": [Function],
  "queryAllByTitle": [Function],
  "queryByAltText": [Function],
  "queryByDisplayValue": [Function],
  "queryByLabelText": [Function],
  "queryByPlaceholderText": [Function],
  "queryByRole": [Function],
  "queryByTestId": [Function],
  "queryByText": [Function],
  "queryByTitle": [Function],
  "rerender": [Function],
  "unmount": [Function],
}
`;

exports[`<Marker/> should render data 1`] = `
<div>
  <div
    data-testid="marker"
  >
    <div
      class="bigCircle"
      data-testid="bigCircle"
      style="position: relative; top: -50px; left: -50px; width: 100px; height: 100px;"
    >
      <div
        class="smallCircle"
        data-testid="smallCircle"
        style="width: 10px; height: 10px;"
      />
    </div>
  </div>
</div>
`;
